app/dm.tsx(4,8): error TS1259: Module '"C:/Users/Tauheed/Desktop/final/client/node_modules/@types/react/index"' can only be default-imported using the 'esModuleInterop' flag
app/dm.tsx(20,28): error TS2307: Cannot find module '@/src/_services/apiService' or its corresponding type declarations.
app/dm.tsx(23,27): error TS2307: Cannot find module '@/src/_components/MessageBubble' or its corresponding type declarations.
app/dm.tsx(24,32): error TS2307: Cannot find module '@/src/_hooks/useUserProfile' or its corresponding type declarations.
app/dm.tsx(35,8): error TS2307: Cannot find module '@/src/_services/socketService' or its corresponding type declarations.
app/dm.tsx(226,38): error TS17004: Cannot use JSX unless the '--jsx' flag is provided.
app/dm.tsx(226,68): error TS17004: Cannot use JSX unless the '--jsx' flag is provided.
app/dm.tsx(228,7): error TS17004: Cannot use JSX unless the '--jsx' flag is provided.
app/dm.tsx(229,9): error TS17004: Cannot use JSX unless the '--jsx' flag is provided.
app/dm.tsx(242,12): error TS17004: Cannot use JSX unless the '--jsx' flag is provided.
app/dm.tsx(242,42): error TS17004: Cannot use JSX unless the '--jsx' flag is provided.
app/dm.tsx(246,5): error TS17004: Cannot use JSX unless the '--jsx' flag is provided.
app/dm.tsx(247,7): error TS17004: Cannot use JSX unless the '--jsx' flag is provided.
app/dm.tsx(249,9): error TS17004: Cannot use JSX unless the '--jsx' flag is provided.
app/dm.tsx(250,11): error TS17004: Cannot use JSX unless the '--jsx' flag is provided.
app/dm.tsx(251,13): error TS17004: Cannot use JSX unless the '--jsx' flag is provided.
app/dm.tsx(253,11): error TS17004: Cannot use JSX unless the '--jsx' flag is provided.
app/dm.tsx(254,13): error TS17004: Cannot use JSX unless the '--jsx' flag is provided.
app/dm.tsx(255,13): error TS17004: Cannot use JSX unless the '--jsx' flag is provided.
app/dm.tsx(256,15): error TS17004: Cannot use JSX unless the '--jsx' flag is provided.
app/dm.tsx(257,40): error TS17004: Cannot use JSX unless the '--jsx' flag is provided.
app/dm.tsx(260,11): error TS17004: Cannot use JSX unless the '--jsx' flag is provided.
app/dm.tsx(261,13): error TS17004: Cannot use JSX unless the '--jsx' flag is provided.
app/dm.tsx(261,57): error TS17004: Cannot use JSX unless the '--jsx' flag is provided.
app/dm.tsx(262,13): error TS17004: Cannot use JSX unless the '--jsx' flag is provided.
app/dm.tsx(262,57): error TS17004: Cannot use JSX unless the '--jsx' flag is provided.
app/dm.tsx(263,13): error TS17004: Cannot use JSX unless the '--jsx' flag is provided.
app/dm.tsx(263,57): error TS17004: Cannot use JSX unless the '--jsx' flag is provided.
app/dm.tsx(268,9): error TS17004: Cannot use JSX unless the '--jsx' flag is provided.
app/dm.tsx(278,9): error TS17004: Cannot use JSX unless the '--jsx' flag is provided.
app/dm.tsx(279,11): error TS17004: Cannot use JSX unless the '--jsx' flag is provided.
app/dm.tsx(280,13): error TS17004: Cannot use JSX unless the '--jsx' flag is provided.
app/dm.tsx(280,47): error TS17004: Cannot use JSX unless the '--jsx' flag is provided.
app/dm.tsx(282,11): error TS17004: Cannot use JSX unless the '--jsx' flag is provided.
app/dm.tsx(283,13): error TS17004: Cannot use JSX unless the '--jsx' flag is provided.
app/dm.tsx(293,13): error TS17004: Cannot use JSX unless the '--jsx' flag is provided.
app/dm.tsx(294,15): error TS17004: Cannot use JSX unless the '--jsx' flag is provided.
app/dm.tsx(297,13): error TS17004: Cannot use JSX unless the '--jsx' flag is provided.
app/dm.tsx(298,15): error TS17004: Cannot use JSX unless the '--jsx' flag is provided.
app/dm.tsx(298,56): error TS17004: Cannot use JSX unless the '--jsx' flag is provided.
app/dm.tsx(299,15): error TS17004: Cannot use JSX unless the '--jsx' flag is provided.
app/dm.tsx(299,82): error TS17004: Cannot use JSX unless the '--jsx' flag is provided.
app/dm.tsx(300,15): error TS17004: Cannot use JSX unless the '--jsx' flag is provided.
app/dm.tsx(300,103): error TS17004: Cannot use JSX unless the '--jsx' flag is provided.
app/dm.tsx(307,7): error TS17004: Cannot use JSX unless the '--jsx' flag is provided.
app/dm.tsx(308,9): error TS17004: Cannot use JSX unless the '--jsx' flag is provided.
app/dm.tsx(309,11): error TS17004: Cannot use JSX unless the '--jsx' flag is provided.
app/dm.tsx(310,13): error TS17004: Cannot use JSX unless the '--jsx' flag is provided.
app/dm.tsx(310,74): error TS17004: Cannot use JSX unless the '--jsx' flag is provided.
app/dm.tsx(311,13): error TS17004: Cannot use JSX unless the '--jsx' flag is provided.
app/dm.tsx(312,13): error TS17004: Cannot use JSX unless the '--jsx' flag is provided.
app/dm.tsx(314,11): error TS17004: Cannot use JSX unless the '--jsx' flag is provided.
app/dm.tsx(317,15): error TS17004: Cannot use JSX unless the '--jsx' flag is provided.
app/dm.tsx(318,17): error TS17004: Cannot use JSX unless the '--jsx' flag is provided.
app/dm.tsx(319,17): error TS17004: Cannot use JSX unless the '--jsx' flag is provided.
app/dm.tsx(327,7): error TS17004: Cannot use JSX unless the '--jsx' flag is provided.
app/dm.tsx(327,52): error TS17001: JSX elements cannot have multiple attributes with the same name.
app/dm.tsx(328,9): error TS17004: Cannot use JSX unless the '--jsx' flag is provided.
app/dm.tsx(329,11): error TS17004: Cannot use JSX unless the '--jsx' flag is provided.
app/dm.tsx(330,14): error TS17004: Cannot use JSX unless the '--jsx' flag is provided.
app/dm.tsx(331,37): error TS17004: Cannot use JSX unless the '--jsx' flag is provided.
app/dm.tsx(331,97): error TS17004: Cannot use JSX unless the '--jsx' flag is provided.
app/dm.tsx(333,14): error TS17004: Cannot use JSX unless the '--jsx' flag is provided.
app/dm.tsx(334,16): error TS17004: Cannot use JSX unless the '--jsx' flag is provided.
app/dm.tsx(335,16): error TS17004: Cannot use JSX unless the '--jsx' flag is provided.
app/inbox.tsx(3,8): error TS1259: Module '"C:/Users/Tauheed/Desktop/final/client/node_modules/@types/react/index"' can only be default-imported using the 'esModuleInterop' flag
app/inbox.tsx(13,28): error TS2307: Cannot find module '@/src/_services/apiService' or its corresponding type declarations.
app/inbox.tsx(44,5): error TS17004: Cannot use JSX unless the '--jsx' flag is provided.
app/inbox.tsx(85,7): error TS17004: Cannot use JSX unless the '--jsx' flag is provided.
app/inbox.tsx(86,9): error TS17004: Cannot use JSX unless the '--jsx' flag is provided.
app/inbox.tsx(87,11): error TS17004: Cannot use JSX unless the '--jsx' flag is provided.
app/inbox.tsx(92,7): error TS17004: Cannot use JSX unless the '--jsx' flag is provided.
app/inbox.tsx(93,9): error TS17004: Cannot use JSX unless the '--jsx' flag is provided.
app/inbox.tsx(97,11): error TS17004: Cannot use JSX unless the '--jsx' flag is provided.
app/inbox.tsx(101,9): error TS17004: Cannot use JSX unless the '--jsx' flag is provided.
app/inbox.tsx(107,7): error TS17004: Cannot use JSX unless the '--jsx' flag is provided.
app/inbox.tsx(109,13): error TS17004: Cannot use JSX unless the '--jsx' flag is provided.
app/inbox.tsx(110,13): error TS17004: Cannot use JSX unless the '--jsx' flag is provided.
app/inbox.tsx(111,9): error TS17004: Cannot use JSX unless the '--jsx' flag is provided.
app/inbox.tsx(540,7): error TS17004: Cannot use JSX unless the '--jsx' flag is provided.
app/inbox.tsx(541,9): error TS17004: Cannot use JSX unless the '--jsx' flag is provided.
app/inbox.tsx(542,9): error TS17004: Cannot use JSX unless the '--jsx' flag is provided.
app/inbox.tsx(549,7): error TS17004: Cannot use JSX unless the '--jsx' flag is provided.
app/inbox.tsx(550,9): error TS17004: Cannot use JSX unless the '--jsx' flag is provided.
app/inbox.tsx(560,7): error TS17004: Cannot use JSX unless the '--jsx' flag is provided.
app/inbox.tsx(561,9): error TS17004: Cannot use JSX unless the '--jsx' flag is provided.
app/inbox.tsx(562,9): error TS17004: Cannot use JSX unless the '--jsx' flag is provided.
app/inbox.tsx(573,7): error TS17004: Cannot use JSX unless the '--jsx' flag is provided.
app/inbox.tsx(574,9): error TS17004: Cannot use JSX unless the '--jsx' flag is provided.
app/inbox.tsx(575,11): error TS17004: Cannot use JSX unless the '--jsx' flag is provided.
app/inbox.tsx(583,13): error TS17004: Cannot use JSX unless the '--jsx' flag is provided.
app/inbox.tsx(585,11): error TS17004: Cannot use JSX unless the '--jsx' flag is provided.
app/inbox.tsx(586,11): error TS17004: Cannot use JSX unless the '--jsx' flag is provided.
app/inbox.tsx(589,9): error TS17004: Cannot use JSX unless the '--jsx' flag is provided.
app/inbox.tsx(590,11): error TS17004: Cannot use JSX unless the '--jsx' flag is provided.
app/inbox.tsx(591,13): error TS17004: Cannot use JSX unless the '--jsx' flag is provided.
app/inbox.tsx(594,11): error TS17004: Cannot use JSX unless the '--jsx' flag is provided.
app/inbox.tsx(595,11): error TS17004: Cannot use JSX unless the '--jsx' flag is provided.
app/inbox.tsx(597,11): error TS17004: Cannot use JSX unless the '--jsx' flag is provided.
app/inbox.tsx(601,13): error TS17004: Cannot use JSX unless the '--jsx' flag is provided.
app/inbox.tsx(608,5): error TS17004: Cannot use JSX unless the '--jsx' flag is provided.
app/inbox.tsx(609,7): error TS17004: Cannot use JSX unless the '--jsx' flag is provided.
app/inbox.tsx(610,9): error TS17004: Cannot use JSX unless the '--jsx' flag is provided.
app/inbox.tsx(618,11): error TS17004: Cannot use JSX unless the '--jsx' flag is provided.
app/inbox.tsx(620,9): error TS17004: Cannot use JSX unless the '--jsx' flag is provided.
app/inbox.tsx(621,9): error TS17004: Cannot use JSX unless the '--jsx' flag is provided.
app/inbox.tsx(627,11): error TS17004: Cannot use JSX unless the '--jsx' flag is provided.
app/inbox.tsx(632,7): error TS17004: Cannot use JSX unless the '--jsx' flag is provided.
app/inbox.tsx(633,9): error TS17004: Cannot use JSX unless the '--jsx' flag is provided.
app/inbox.tsx(634,9): error TS17004: Cannot use JSX unless the '--jsx' flag is provided.
app/inbox.tsx(637,7): error TS17004: Cannot use JSX unless the '--jsx' flag is provided.
app/inbox.tsx(638,9): error TS17004: Cannot use JSX unless the '--jsx' flag is provided.
app/inbox.tsx(643,11): error TS17004: Cannot use JSX unless the '--jsx' flag is provided.
app/inbox.tsx(645,9): error TS17004: Cannot use JSX unless the '--jsx' flag is provided.
app/inbox.tsx(650,11): error TS17004: Cannot use JSX unless the '--jsx' flag is provided.
app/inbox.tsx(652,9): error TS17004: Cannot use JSX unless the '--jsx' flag is provided.
app/inbox.tsx(657,11): error TS17004: Cannot use JSX unless the '--jsx' flag is provided.
app/inbox.tsx(661,7): error TS17004: Cannot use JSX unless the '--jsx' flag is provided.
app/inbox.tsx(684,11): error TS17004: Cannot use JSX unless the '--jsx' flag is provided.
app/inbox.tsx(696,11): error TS17004: Cannot use JSX unless the '--jsx' flag is provided.
app/inbox.tsx(697,13): error TS17004: Cannot use JSX unless the '--jsx' flag is provided.
app/inbox.tsx(698,13): error TS17004: Cannot use JSX unless the '--jsx' flag is provided.
app/inbox.tsx(699,13): error TS17004: Cannot use JSX unless the '--jsx' flag is provided.
app/inbox.tsx(704,11): error TS17004: Cannot use JSX unless the '--jsx' flag is provided.
app/inbox.tsx(712,7): error TS17004: Cannot use JSX unless the '--jsx' flag is provided.
app/inbox.tsx(718,9): error TS17004: Cannot use JSX unless the '--jsx' flag is provided.
app/inbox.tsx(719,11): error TS17004: Cannot use JSX unless the '--jsx' flag is provided.
app/inbox.tsx(720,13): error TS17004: Cannot use JSX unless the '--jsx' flag is provided.
app/inbox.tsx(721,15): error TS17004: Cannot use JSX unless the '--jsx' flag is provided.
app/inbox.tsx(722,15): error TS17004: Cannot use JSX unless the '--jsx' flag is provided.
app/inbox.tsx(723,15): error TS17004: Cannot use JSX unless the '--jsx' flag is provided.
app/inbox.tsx(731,15): error TS17004: Cannot use JSX unless the '--jsx' flag is provided.
app/inbox.tsx(740,15): error TS17004: Cannot use JSX unless the '--jsx' flag is provided.
app/inbox.tsx(745,21): error TS17004: Cannot use JSX unless the '--jsx' flag is provided.
app/inbox.tsx(746,23): error TS17004: Cannot use JSX unless the '--jsx' flag is provided.
app/inbox.tsx(747,23): error TS17004: Cannot use JSX unless the '--jsx' flag is provided.
app/inbox.tsx(753,15): error TS17004: Cannot use JSX unless the '--jsx' flag is provided.
app/inbox.tsx(764,21): error TS17004: Cannot use JSX unless the '--jsx' flag is provided.
app/inbox.tsx(765,23): error TS17004: Cannot use JSX unless the '--jsx' flag is provided.
app/inbox.tsx(766,23): error TS17004: Cannot use JSX unless the '--jsx' flag is provided.
app/inbox.tsx(767,23): error TS17004: Cannot use JSX unless the '--jsx' flag is provided.
app/inbox.tsx(773,23): error TS17004: Cannot use JSX unless the '--jsx' flag is provided.
app/inbox.tsx(774,23): error TS17004: Cannot use JSX unless the '--jsx' flag is provided.
app/inbox.tsx(778,15): error TS17004: Cannot use JSX unless the '--jsx' flag is provided.
app/inbox.tsx(787,17): error TS17004: Cannot use JSX unless the '--jsx' flag is provided.
app/inbox.tsx(794,7): error TS17004: Cannot use JSX unless the '--jsx' flag is provided.
app/inbox.tsx(800,9): error TS17004: Cannot use JSX unless the '--jsx' flag is provided.
app/inbox.tsx(801,11): error TS17004: Cannot use JSX unless the '--jsx' flag is provided.
app/inbox.tsx(802,13): error TS17004: Cannot use JSX unless the '--jsx' flag is provided.
app/inbox.tsx(804,13): error TS17004: Cannot use JSX unless the '--jsx' flag is provided.
app/inbox.tsx(812,15): error TS17004: Cannot use JSX unless the '--jsx' flag is provided.
app/inbox.tsx(813,15): error TS17004: Cannot use JSX unless the '--jsx' flag is provided.
app/inbox.tsx(816,13): error TS17004: Cannot use JSX unless the '--jsx' flag is provided.
app/inbox.tsx(817,15): error TS17004: Cannot use JSX unless the '--jsx' flag is provided.
app/inbox.tsx(823,7): error TS17004: Cannot use JSX unless the '--jsx' flag is provided.
app/inbox.tsx(829,9): error TS17004: Cannot use JSX unless the '--jsx' flag is provided.
app/inbox.tsx(830,11): error TS17004: Cannot use JSX unless the '--jsx' flag is provided.
app/inbox.tsx(831,13): error TS17004: Cannot use JSX unless the '--jsx' flag is provided.
app/inbox.tsx(832,13): error TS17004: Cannot use JSX unless the '--jsx' flag is provided.
app/inbox.tsx(833,13): error TS17004: Cannot use JSX unless the '--jsx' flag is provided.
app/inbox.tsx(834,15): error TS17004: Cannot use JSX unless the '--jsx' flag is provided.
app/inbox.tsx(835,17): error TS17004: Cannot use JSX unless the '--jsx' flag is provided.
app/inbox.tsx(837,15): error TS17004: Cannot use JSX unless the '--jsx' flag is provided.
app/inbox.tsx(838,17): error TS17004: Cannot use JSX unless the '--jsx' flag is provided.
lib/firebaseHelpers/archive.ts(3,28): error TS2307: Cannot find module '@/src/_services/apiService' or its corresponding type declarations.
lib/firebaseHelpers/comments.ts(1,28): error TS2307: Cannot find module '@/src/_services/apiService' or its corresponding type declarations.
lib/firebaseHelpers/conversation.ts(3,28): error TS2307: Cannot find module '@/src/_services/apiService' or its corresponding type declarations.
lib/firebaseHelpers/core.ts(2,28): error TS2307: Cannot find module '@/src/_services/apiService' or its corresponding type declarations.
lib/firebaseHelpers/core.ts(8,8): error TS2307: Cannot find module '@/src/_services/socketService' or its corresponding type declarations.
lib/firebaseHelpers/follow.ts(1,28): error TS2307: Cannot find module '@/src/_services/apiService' or its corresponding type declarations.
lib/firebaseHelpers/live.ts(3,28): error TS2307: Cannot find module '@/src/_services/apiService' or its corresponding type declarations.
lib/firebaseHelpers/messages.ts(2,28): error TS2307: Cannot find module '@/src/_services/apiService' or its corresponding type declarations.
lib/firebaseHelpers/notification.ts(1,28): error TS2307: Cannot find module '@/src/_services/apiService' or its corresponding type declarations.
lib/firebaseHelpers/post.ts(1,28): error TS2307: Cannot find module '@/src/_services/apiService' or its corresponding type declarations.
lib/firebaseHelpers/updateUserSectionsOrder.ts(1,28): error TS2307: Cannot find module '@/src/_services/apiService' or its corresponding type declarations.
lib/firebaseHelpers/user.ts(53,41): error TS2307: Cannot find module '@/src/_services/apiService' or its corresponding type declarations.
lib/firebaseHelpers/user.ts(83,41): error TS2307: Cannot find module '@/src/_services/apiService' or its corresponding type declarations.
lib/firebaseHelpers/user.ts(143,41): error TS2307: Cannot find module '@/src/_services/apiService' or its corresponding type declarations.
lib/firebaseHelpers/user.ts(169,41): error TS2307: Cannot find module '@/src/_services/apiService' or its corresponding type declarations.
lib/firebaseHelpers/user.ts(210,41): error TS2307: Cannot find module '@/src/_services/apiService' or its corresponding type declarations.
lib/firebaseHelpers/user.ts(224,41): error TS2307: Cannot find module '@/src/_services/apiService' or its corresponding type declarations.
lib/firebaseHelpers/user.ts(238,41): error TS2307: Cannot find module '@/src/_services/apiService' or its corresponding type declarations.
lib/pollingService.ts(11,28): error TS2307: Cannot find module '@/src/_services/apiService' or its corresponding type declarations.
lib/pollingService.ts(250,30): error TS2802: Type 'Map<string, PollingService>' can only be iterated through when using the '--downlevelIteration' flag or with a '--target' of 'es2015' or higher.
lib/pollingService.ts(263,30): error TS2802: Type 'Map<string, PollingService>' can only be iterated through when using the '--downlevelIteration' flag or with a '--target' of 'es2015' or higher.
lib/pollingService.ts(280,24): error TS2802: Type 'IterableIterator<PollingService>' can only be iterated through when using the '--downlevelIteration' flag or with a '--target' of 'es2015' or higher.
lib/userPresence.ts(6,28): error TS2307: Cannot find module '@/src/_services/apiService' or its corresponding type declarations.
lib/userProfileCache.ts(71,36): error TS2802: Type 'IterableIterator<[string, CachedProfile]>' can only be iterated through when using the '--downlevelIteration' flag or with a '--target' of 'es2015' or higher.
node_modules/@expo/config-plugins/build/ios/Swift.d.ts(1,23): error TS2688: Cannot find type definition file for 'xcode'.
node_modules/@expo/config-plugins/build/ios/XcodeProjectFile.d.ts(1,23): error TS2688: Cannot find type definition file for 'xcode'.
node_modules/@expo/vector-icons/build/createIconSet.d.ts(1,8): error TS1259: Module '"C:/Users/Tauheed/Desktop/final/client/node_modules/@types/react/index"' can only be default-imported using the 'esModuleInterop' flag
node_modules/@react-navigation/core/lib/typescript/src/StaticNavigation.d.ts(37,27): error TS2315: Type 'StaticParamList' is not generic.
node_modules/@react-navigation/core/lib/typescript/src/StaticNavigation.d.ts(39,27): error TS2315: Type 'StaticParamList' is not generic.
node_modules/@react-navigation/core/lib/typescript/src/StaticNavigation.d.ts(134,13): error TS2456: Type alias 'StaticParamList' circularly references itself.
node_modules/@react-navigation/core/lib/typescript/src/useNavigationBuilder.d.ts(86,136): error TS2344: Type 'Omit<{ dispatch(action: Readonly<{ type: string; payload?: object; source?: string; target?: string; }> | ((state: Readonly<State>) => Readonly<{ type: string; payload?: object; source?: string; target?: string; }>)): void; ... 9 more ...; getState(): State; } & PrivateValueStore<...>, "getParent"> & ... 4 more ... ...' does not satisfy the constraint 'NavigationProp<any, any, any, any, any, any>'.
  Type 'Omit<{ dispatch(action: Readonly<{ type: string; payload?: object; source?: string; target?: string; }> | ((state: Readonly<State>) => Readonly<{ type: string; payload?: object; source?: string; target?: string; }>)): void; ... 9 more ...; getState(): State; } & PrivateValueStore<...>, "getParent"> & ... 4 more ... ...' is not assignable to type 'Omit<NavigationHelpersCommon<any, any>, "getParent">'.
    Types of property 'preload' are incompatible.
      Type '<RouteName extends string>(...args: RouteName extends unknown ? [screen: RouteName, params?: object] : never) => void' is not assignable to type '<RouteName extends string | number | symbol>(...args: RouteName extends unknown ? [screen: RouteName, params?: any] : never) => void'.
        Types of parameters 'screen' and 'args' are incompatible.
          Type 'RouteName extends unknown ? [screen: RouteName, params?: any] : never' is not assignable to type '[screen: string, params?: object]'.
            Type '[screen: RouteName, params?: any]' is not assignable to type '[screen: string, params?: object]'.
              Type at position 0 in source is not compatible with type at position 0 in target.
                Type 'RouteName' is not assignable to type 'string'.
                  Type 'string | number | symbol' is not assignable to type 'string'.
                    Type 'number' is not assignable to type 'string'.
                      Type '[screen: string, params?: any] | [screen: number, params?: any] | [screen: symbol, params?: any]' is not assignable to type '[screen: string, params?: object]'.
                        Type '[screen: number, params?: any]' is not assignable to type '[screen: string, params?: object]'.
                          Type at position 0 in source is not compatible with type at position 0 in target.
                            Type 'number' is not assignable to type 'string'.
node_modules/@react-navigation/core/lib/typescript/src/useNavigationBuilder.d.ts(138,77): error TS2344: Type 'Omit<{ dispatch(action: Readonly<{ type: string; payload?: object; source?: string; target?: string; }> | ((state: Readonly<State>) => Readonly<{ type: string; payload?: object; source?: string; target?: string; }>)): void; ... 9 more ...; getState(): State; } & PrivateValueStore<...>, "getParent"> & ... 4 more ... ...' does not satisfy the constraint 'NavigationProp<any, any, any, any, any, any>'.
  Type 'Omit<{ dispatch(action: Readonly<{ type: string; payload?: object; source?: string; target?: string; }> | ((state: Readonly<State>) => Readonly<{ type: string; payload?: object; source?: string; target?: string; }>)): void; ... 9 more ...; getState(): State; } & PrivateValueStore<...>, "getParent"> & ... 4 more ... ...' is not assignable to type 'Omit<NavigationHelpersCommon<any, any>, "getParent">'.
    Types of property 'preload' are incompatible.
      Type '<RouteName extends string>(...args: RouteName extends unknown ? [screen: RouteName, params?: object] : never) => void' is not assignable to type '<RouteName extends string | number | symbol>(...args: RouteName extends unknown ? [screen: RouteName, params?: any] : never) => void'.
        Types of parameters 'screen' and 'args' are incompatible.
          Type 'RouteName extends unknown ? [screen: RouteName, params?: any] : never' is not assignable to type '[screen: string, params?: object]'.
            Type '[screen: RouteName, params?: any]' is not assignable to type '[screen: string, params?: object]'.
              Type at position 0 in source is not compatible with type at position 0 in target.
                Type 'RouteName' is not assignable to type 'string'.
                  Type '[screen: string, params?: any] | [screen: number, params?: any] | [screen: symbol, params?: any]' is not assignable to type '[screen: string, params?: object]'.
                    Type '[screen: number, params?: any]' is not assignable to type '[screen: string, params?: object]'.
                      Type at position 0 in source is not compatible with type at position 0 in target.
                        Type 'number' is not assignable to type 'string'.
node_modules/@react-navigation/native-stack/lib/typescript/src/types.d.ts(3,58): error TS2305: Module '"react-native-screens"' has no exported member 'ScrollEdgeEffect'.
node_modules/@types/node/module.d.ts(742,13): error TS2403: Subsequent variable declarations must have the same type.  Variable 'require' must be of type 'NodeRequire', but here has type 'Require'.
node_modules/@types/react-native-vector-icons/node_modules/@types/react-native/BatchedBridge.d.ts(8,15): error TS2300: Duplicate identifier 'MessageQueue'.
node_modules/@types/react-native-vector-icons/node_modules/@types/react-native/BatchedBridge.d.ts(18,20): error TS2300: Duplicate identifier 'BatchedBridge'.
node_modules/@types/react-native-vector-icons/node_modules/@types/react-native/BatchedBridge.d.ts(22,20): error TS2300: Duplicate identifier 'MessageQueue'.
node_modules/@types/react-native-vector-icons/node_modules/@types/react-native/Codegen.d.ts(1,1): error TS6200: Definitions of the following identifiers conflict with those in another file: codegenNativeCommands, NativeComponentType, codegenNativeComponent, BubblingEventHandler, DirectEventHandler, Double, Float, Int32, UnsafeObject, DefaultTypes, WithDefault
node_modules/@types/react-native-vector-icons/node_modules/@types/react-native/Devtools.d.ts(2,17): error TS2300: Duplicate identifier 'StackFrame'.
node_modules/@types/react-native-vector-icons/node_modules/@types/react-native/globals.d.ts(10,1): error TS6200: Definitions of the following identifiers conflict with those in another file: FormDataValue, FormDataPart, BodyInit_, HeadersInit_, RequestCredentials_, RequestMode_, ResponseType_, WebsocketMessageEventListener, WebsocketErrorEventListener, WebsocketOpenEventListener, WebsocketCloseEventListener, WebsocketEventListener
node_modules/@types/react-native-vector-icons/node_modules/@types/react-native/globals.d.ts(58,13): error TS2403: Subsequent variable declarations must have the same type.  Variable 'Blob' must be of type '{ new (blobParts?: BlobPart[], options?: BlobPropertyBag): Blob; prototype: Blob; }', but here has type '{ new (blobParts?: (string | Blob)[], options?: BlobOptions): Blob; prototype: Blob; }'.
node_modules/@types/react-native-vector-icons/node_modules/@types/react-native/globals.d.ts(77,15): error TS2300: Duplicate identifier 'FormData'.
node_modules/@types/react-native-vector-icons/node_modules/@types/react-native/globals.d.ts(101,13): error TS2403: Subsequent variable declarations must have the same type.  Variable 'Headers' must be of type '{ new (init?: HeadersInit): Headers; prototype: Headers; }', but here has type '{ new (init?: HeadersInit_): Headers; prototype: Headers; }'.
node_modules/@types/react-native-vector-icons/node_modules/@types/react-native/globals.d.ts(113,5): error TS2374: Duplicate index signature for type 'string'.
node_modules/@types/react-native-vector-icons/node_modules/@types/react-native/globals.d.ts(135,5): error TS2717: Subsequent property declarations must have the same type.  Property 'body' must be of type 'BodyInit', but here has type 'BodyInit_'.
node_modules/@types/react-native-vector-icons/node_modules/@types/react-native/globals.d.ts(137,5): error TS2717: Subsequent property declarations must have the same type.  Property 'headers' must be of type 'HeadersInit', but here has type 'HeadersInit_'.
node_modules/@types/react-native-vector-icons/node_modules/@types/react-native/globals.d.ts(143,5): error TS2717: Subsequent property declarations must have the same type.  Property 'window' must be of type 'null', but here has type 'any'.
node_modules/@types/react-native-vector-icons/node_modules/@types/react-native/globals.d.ts(157,13): error TS2403: Subsequent variable declarations must have the same type.  Variable 'Request' must be of type '{ new (input: RequestInfo | URL, init?: RequestInit): Request; prototype: Request; }', but here has type '{ new (input: string | Request, init?: RequestInit): Request; prototype: Request; }'.
node_modules/@types/react-native-vector-icons/node_modules/@types/react-native/globals.d.ts(162,14): error TS2300: Duplicate identifier 'RequestInfo'.
node_modules/@types/react-native-vector-icons/node_modules/@types/react-native/globals.d.ts(165,5): error TS2717: Subsequent property declarations must have the same type.  Property 'headers' must be of type 'HeadersInit', but here has type 'HeadersInit_'.
node_modules/@types/react-native-vector-icons/node_modules/@types/react-native/globals.d.ts(181,13): error TS2403: Subsequent variable declarations must have the same type.  Variable 'Response' must be of type '{ new (body?: BodyInit, init?: ResponseInit): Response; prototype: Response; error(): Response; json(data: any, init?: ResponseInit): Response; redirect(url: string | URL, status?: number): Response; }', but here has type '{ new (body?: BodyInit_, init?: ResponseInit): Response; prototype: Response; error: () => Response; redirect: (url: string, status?: number) => Response; }'.
node_modules/@types/react-native-vector-icons/node_modules/@types/react-native/globals.d.ts(258,5): error TS2717: Subsequent property declarations must have the same type.  Property 'abort' must be of type 'ProgressEvent<XMLHttpRequestEventTarget>', but here has type 'ProgressEvent<EventTarget>'.
node_modules/@types/react-native-vector-icons/node_modules/@types/react-native/globals.d.ts(259,5): error TS2717: Subsequent property declarations must have the same type.  Property 'error' must be of type 'ProgressEvent<XMLHttpRequestEventTarget>', but here has type 'ProgressEvent<EventTarget>'.
node_modules/@types/react-native-vector-icons/node_modules/@types/react-native/globals.d.ts(260,5): error TS2717: Subsequent property declarations must have the same type.  Property 'load' must be of type 'ProgressEvent<XMLHttpRequestEventTarget>', but here has type 'ProgressEvent<EventTarget>'.
node_modules/@types/react-native-vector-icons/node_modules/@types/react-native/globals.d.ts(261,5): error TS2717: Subsequent property declarations must have the same type.  Property 'loadend' must be of type 'ProgressEvent<XMLHttpRequestEventTarget>', but here has type 'ProgressEvent<EventTarget>'.
node_modules/@types/react-native-vector-icons/node_modules/@types/react-native/globals.d.ts(262,5): error TS2717: Subsequent property declarations must have the same type.  Property 'loadstart' must be of type 'ProgressEvent<XMLHttpRequestEventTarget>', but here has type 'ProgressEvent<EventTarget>'.
node_modules/@types/react-native-vector-icons/node_modules/@types/react-native/globals.d.ts(263,5): error TS2717: Subsequent property declarations must have the same type.  Property 'progress' must be of type 'ProgressEvent<XMLHttpRequestEventTarget>', but here has type 'ProgressEvent<EventTarget>'.
node_modules/@types/react-native-vector-icons/node_modules/@types/react-native/globals.d.ts(264,5): error TS2717: Subsequent property declarations must have the same type.  Property 'timeout' must be of type 'ProgressEvent<XMLHttpRequestEventTarget>', but here has type 'ProgressEvent<EventTarget>'.
node_modules/@types/react-native-vector-icons/node_modules/@types/react-native/globals.d.ts(305,14): error TS2300: Duplicate identifier 'XMLHttpRequestResponseType'.
node_modules/@types/react-native-vector-icons/node_modules/@types/react-native/globals.d.ts(312,15): error TS2300: Duplicate identifier 'URL'.
node_modules/@types/react-native-vector-icons/node_modules/@types/react-native/globals.d.ts(337,15): error TS2300: Duplicate identifier 'URLSearchParams'.
node_modules/@types/react-native-vector-icons/node_modules/@types/react-native/globals.d.ts(382,5): error TS2717: Subsequent property declarations must have the same type.  Property 'onopen' must be of type '(this: WebSocket, ev: Event) => any', but here has type '() => void'.
node_modules/@types/react-native-vector-icons/node_modules/@types/react-native/globals.d.ts(383,5): error TS2717: Subsequent property declarations must have the same type.  Property 'onmessage' must be of type '(this: WebSocket, ev: MessageEvent<any>) => any', but here has type '(event: WebSocketMessageEvent) => void'.
node_modules/@types/react-native-vector-icons/node_modules/@types/react-native/globals.d.ts(384,5): error TS2717: Subsequent property declarations must have the same type.  Property 'onerror' must be of type '(this: WebSocket, ev: Event) => any', but here has type '(event: WebSocketErrorEvent) => void'.
node_modules/@types/react-native-vector-icons/node_modules/@types/react-native/globals.d.ts(385,5): error TS2717: Subsequent property declarations must have the same type.  Property 'onclose' must be of type '(this: WebSocket, ev: CloseEvent) => any', but here has type '(event: WebSocketCloseEvent) => void'.
node_modules/@types/react-native-vector-icons/node_modules/@types/react-native/globals.d.ts(386,5): error TS2717: Subsequent property declarations must have the same type.  Property 'addEventListener' must be of type '{ <K extends keyof WebSocketEventMap>(type: K, listener: (this: WebSocket, ev: WebSocketEventMap[K]) => any, options?: boolean | AddEventListenerOptions): void; (type: string, listener: EventListenerOrEventListenerObject, options?: boolean | AddEventListenerOptions): void; }', but here has type 'WebsocketEventListener'.
node_modules/@types/react-native-vector-icons/node_modules/@types/react-native/globals.d.ts(387,5): error TS2717: Subsequent property declarations must have the same type.  Property 'removeEventListener' must be of type '{ <K extends keyof WebSocketEventMap>(type: K, listener: (this: WebSocket, ev: WebSocketEventMap[K]) => any, options?: boolean | EventListenerOptions): void; (type: string, listener: EventListenerOrEventListenerObject, options?: boolean | EventListenerOptions): void; }', but here has type 'WebsocketEventListener'.
node_modules/@types/react-native-vector-icons/node_modules/@types/react-native/globals.d.ts(390,13): error TS2403: Subsequent variable declarations must have the same type.  Variable 'WebSocket' must be of type '{ new (url: string | URL, protocols?: string | string[]): WebSocket; prototype: WebSocket; readonly CONNECTING: 0; readonly OPEN: 1; readonly CLOSING: 2; readonly CLOSED: 3; }', but here has type '{ new (uri: string, protocols?: string | string[], options?: { [optionName: string]: any; headers: { [headerName: string]: string; }; }): WebSocket; prototype: WebSocket; readonly CLOSED: number; readonly CLOSING: number; readonly CONNECTING: number; readonly OPEN: number; }'.
node_modules/@types/react-native-vector-icons/node_modules/@types/react-native/globals.d.ts(414,15): error TS2300: Duplicate identifier 'AbortSignal'.
node_modules/@types/react-native-vector-icons/node_modules/@types/react-native/globals.d.ts(414,15): error TS2420: Class 'AbortSignal' incorrectly implements interface 'EventTarget'.
  Property 'dispatchEvent' is missing in type 'AbortSignal' but required in type 'EventTarget'.
node_modules/@types/react-native-vector-icons/node_modules/@types/react-native/globals.d.ts(449,15): error TS2300: Duplicate identifier 'AbortController'.
node_modules/@types/react-native-vector-icons/node_modules/@types/react-native/globals.d.ts(474,14): error TS2717: Subsequent property declarations must have the same type.  Property 'error' must be of type 'DOMException', but here has type 'Error'.
node_modules/@types/react-native-vector-icons/node_modules/@types/react-native/globals.d.ts(481,14): error TS2717: Subsequent property declarations must have the same type.  Property 'readyState' must be of type '0 | 2 | 1', but here has type 'number'.
node_modules/@types/react-native-vector-icons/node_modules/@types/react-native/index.d.ts(9873,11): error TS2451: Cannot redeclare block-scoped variable 'originalXMLHttpRequest'.
node_modules/@types/react-native-vector-icons/node_modules/@types/react-native/index.d.ts(9875,11): error TS2451: Cannot redeclare block-scoped variable '__BUNDLE_START_TIME__'.
node_modules/@types/react-native-vector-icons/node_modules/@types/react-native/index.d.ts(9876,11): error TS2451: Cannot redeclare block-scoped variable 'ErrorUtils'.
node_modules/@types/react-native-vector-icons/node_modules/@types/react-native/index.d.ts(9883,11): error TS2451: Cannot redeclare block-scoped variable '__DEV__'.
node_modules/@types/react-native-vector-icons/node_modules/@types/react-native/index.d.ts(9885,11): error TS2451: Cannot redeclare block-scoped variable 'HermesInternal'.
node_modules/@types/react-native-vector-icons/node_modules/@types/react-native/LaunchScreen.d.ts(4,18): error TS2451: Cannot redeclare block-scoped variable 'Header'.
node_modules/@types/react-native-vector-icons/node_modules/@types/react-native/LaunchScreen.d.ts(5,18): error TS2451: Cannot redeclare block-scoped variable 'LearnMoreLinks'.
node_modules/@types/react-native-vector-icons/node_modules/@types/react-native/LaunchScreen.d.ts(6,18): error TS2451: Cannot redeclare block-scoped variable 'Colors'.
node_modules/@types/react-native-vector-icons/node_modules/@types/react-native/LaunchScreen.d.ts(7,18): error TS2451: Cannot redeclare block-scoped variable 'DebugInstructions'.
node_modules/@types/react-native-vector-icons/node_modules/@types/react-native/LaunchScreen.d.ts(8,18): error TS2451: Cannot redeclare block-scoped variable 'ReloadInstructions'.
node_modules/@types/react-native/index.d.ts(143,11): error TS2451: Cannot redeclare block-scoped variable 'originalXMLHttpRequest'.
node_modules/@types/react-native/index.d.ts(145,11): error TS2451: Cannot redeclare block-scoped variable '__BUNDLE_START_TIME__'.
node_modules/@types/react-native/index.d.ts(146,11): error TS2451: Cannot redeclare block-scoped variable 'ErrorUtils'.
node_modules/@types/react-native/index.d.ts(153,11): error TS2451: Cannot redeclare block-scoped variable '__DEV__'.
node_modules/@types/react-native/index.d.ts(155,11): error TS2451: Cannot redeclare block-scoped variable 'HermesInternal'.
node_modules/@types/react-native/Libraries/Lists/SectionList.d.ts(47,18): error TS2430: Interface 'SectionListProps<ItemT, SectionT>' incorrectly extends interface 'VirtualizedListWithoutRenderItemProps<ItemT>'.
  Types of property 'renderScrollComponent' are incompatible.
    Type '(props: import("C:/Users/Tauheed/Desktop/final/client/node_modules/@types/react-native/Libraries/Components/ScrollView/ScrollView").ScrollViewProps) => React.ReactElement<import("C:/Users/Tauheed/Desktop/final/client/node_modules/@types/react-native/Libraries/Components/ScrollView/ScrollView").ScrollViewProps, strin...' is not assignable to type '(props: import("C:/Users/Tauheed/Desktop/final/client/node_modules/react-native/Libraries/Components/ScrollView/ScrollView").ScrollViewProps) => React.ReactElement<import("C:/Users/Tauheed/Desktop/final/client/node_modules/react-native/Libraries/Components/ScrollView/ScrollView").ScrollViewProps, string | React.JSXE...'.
      Types of parameters 'props' and 'props' are incompatible.
        Type 'import("C:/Users/Tauheed/Desktop/final/client/node_modules/react-native/Libraries/Components/ScrollView/ScrollView").ScrollViewProps' is not assignable to type 'import("C:/Users/Tauheed/Desktop/final/client/node_modules/@types/react-native/Libraries/Components/ScrollView/ScrollView").ScrollViewProps'.
          Types of property 'contentContainerStyle' are incompatible.
            Type 'import("C:/Users/Tauheed/Desktop/final/client/node_modules/react-native/Libraries/StyleSheet/StyleSheet").StyleProp<import("C:/Users/Tauheed/Desktop/final/client/node_modules/react-native/Libraries/StyleSheet/StyleSheetTypes").ViewStyle>' is not assignable to type 'import("C:/Users/Tauheed/Desktop/final/client/node_modules/@types/react-native/Libraries/StyleSheet/StyleSheet").StyleProp<import("C:/Users/Tauheed/Desktop/final/client/node_modules/@types/react-native/Libraries/StyleSheet/StyleSheetTypes").ViewStyle>'.
              Type '""' is not assignable to type 'StyleProp<ViewStyle>'.
node_modules/@types/react-native/modules/BatchedBridge.d.ts(8,15): error TS2300: Duplicate identifier 'MessageQueue'.
node_modules/@types/react-native/modules/BatchedBridge.d.ts(18,20): error TS2300: Duplicate identifier 'BatchedBridge'.
node_modules/@types/react-native/modules/BatchedBridge.d.ts(22,20): error TS2300: Duplicate identifier 'MessageQueue'.
node_modules/@types/react-native/modules/Codegen.d.ts(1,1): error TS6200: Definitions of the following identifiers conflict with those in another file: codegenNativeCommands, NativeComponentType, codegenNativeComponent, BubblingEventHandler, DirectEventHandler, Double, Float, Int32, UnsafeObject, DefaultTypes, WithDefault
node_modules/@types/react-native/modules/Devtools.d.ts(2,17): error TS2300: Duplicate identifier 'StackFrame'.
node_modules/@types/react-native/modules/globals.d.ts(10,1): error TS6200: Definitions of the following identifiers conflict with those in another file: FormDataValue, FormDataPart, BodyInit_, HeadersInit_, RequestCredentials_, RequestMode_, ResponseType_, WebsocketMessageEventListener, WebsocketErrorEventListener, WebsocketOpenEventListener, WebsocketCloseEventListener, WebsocketEventListener
node_modules/@types/react-native/modules/globals.d.ts(69,13): error TS2403: Subsequent variable declarations must have the same type.  Variable 'Blob' must be of type '{ new (blobParts?: BlobPart[], options?: BlobPropertyBag): Blob; prototype: Blob; }', but here has type '{ new (blobParts?: (string | Blob)[], options?: BlobOptions): Blob; prototype: Blob; }'.
node_modules/@types/react-native/modules/globals.d.ts(90,15): error TS2300: Duplicate identifier 'FormData'.
node_modules/@types/react-native/modules/globals.d.ts(114,13): error TS2403: Subsequent variable declarations must have the same type.  Variable 'Headers' must be of type '{ new (init?: HeadersInit): Headers; prototype: Headers; }', but here has type '{ new (init?: HeadersInit_): Headers; prototype: Headers; }'.
node_modules/@types/react-native/modules/globals.d.ts(126,5): error TS2374: Duplicate index signature for type 'string'.
node_modules/@types/react-native/modules/globals.d.ts(148,5): error TS2717: Subsequent property declarations must have the same type.  Property 'body' must be of type 'BodyInit', but here has type 'BodyInit_'.
node_modules/@types/react-native/modules/globals.d.ts(150,5): error TS2717: Subsequent property declarations must have the same type.  Property 'headers' must be of type 'HeadersInit', but here has type 'HeadersInit_'.
node_modules/@types/react-native/modules/globals.d.ts(156,5): error TS2717: Subsequent property declarations must have the same type.  Property 'window' must be of type 'null', but here has type 'any'.
node_modules/@types/react-native/modules/globals.d.ts(170,13): error TS2403: Subsequent variable declarations must have the same type.  Variable 'Request' must be of type '{ new (input: RequestInfo | URL, init?: RequestInit): Request; prototype: Request; }', but here has type '{ new (input: string | Request, init?: RequestInit): Request; prototype: Request; }'.
node_modules/@types/react-native/modules/globals.d.ts(175,14): error TS2300: Duplicate identifier 'RequestInfo'.
node_modules/@types/react-native/modules/globals.d.ts(178,5): error TS2717: Subsequent property declarations must have the same type.  Property 'headers' must be of type 'HeadersInit', but here has type 'HeadersInit_'.
node_modules/@types/react-native/modules/globals.d.ts(194,13): error TS2403: Subsequent variable declarations must have the same type.  Variable 'Response' must be of type '{ new (body?: BodyInit, init?: ResponseInit): Response; prototype: Response; error(): Response; json(data: any, init?: ResponseInit): Response; redirect(url: string | URL, status?: number): Response; }', but here has type '{ new (body?: BodyInit_, init?: ResponseInit): Response; prototype: Response; error: () => Response; redirect: (url: string, status?: number) => Response; }'.
node_modules/@types/react-native/modules/globals.d.ts(283,5): error TS2717: Subsequent property declarations must have the same type.  Property 'abort' must be of type 'ProgressEvent<XMLHttpRequestEventTarget>', but here has type 'ProgressEvent<EventTarget>'.
node_modules/@types/react-native/modules/globals.d.ts(284,5): error TS2717: Subsequent property declarations must have the same type.  Property 'error' must be of type 'ProgressEvent<XMLHttpRequestEventTarget>', but here has type 'ProgressEvent<EventTarget>'.
node_modules/@types/react-native/modules/globals.d.ts(285,5): error TS2717: Subsequent property declarations must have the same type.  Property 'load' must be of type 'ProgressEvent<XMLHttpRequestEventTarget>', but here has type 'ProgressEvent<EventTarget>'.
node_modules/@types/react-native/modules/globals.d.ts(286,5): error TS2717: Subsequent property declarations must have the same type.  Property 'loadend' must be of type 'ProgressEvent<XMLHttpRequestEventTarget>', but here has type 'ProgressEvent<EventTarget>'.
node_modules/@types/react-native/modules/globals.d.ts(287,5): error TS2717: Subsequent property declarations must have the same type.  Property 'loadstart' must be of type 'ProgressEvent<XMLHttpRequestEventTarget>', but here has type 'ProgressEvent<EventTarget>'.
node_modules/@types/react-native/modules/globals.d.ts(288,5): error TS2717: Subsequent property declarations must have the same type.  Property 'progress' must be of type 'ProgressEvent<XMLHttpRequestEventTarget>', but here has type 'ProgressEvent<EventTarget>'.
node_modules/@types/react-native/modules/globals.d.ts(289,5): error TS2717: Subsequent property declarations must have the same type.  Property 'timeout' must be of type 'ProgressEvent<XMLHttpRequestEventTarget>', but here has type 'ProgressEvent<EventTarget>'.
node_modules/@types/react-native/modules/globals.d.ts(342,14): error TS2300: Duplicate identifier 'XMLHttpRequestResponseType'.
node_modules/@types/react-native/modules/globals.d.ts(355,15): error TS2300: Duplicate identifier 'URL'.
node_modules/@types/react-native/modules/globals.d.ts(380,15): error TS2300: Duplicate identifier 'URLSearchParams'.
node_modules/@types/react-native/modules/globals.d.ts(439,5): error TS2717: Subsequent property declarations must have the same type.  Property 'onopen' must be of type '(this: WebSocket, ev: Event) => any', but here has type '() => void'.
node_modules/@types/react-native/modules/globals.d.ts(440,5): error TS2717: Subsequent property declarations must have the same type.  Property 'onmessage' must be of type '(this: WebSocket, ev: MessageEvent<any>) => any', but here has type '(event: WebSocketMessageEvent) => void'.
node_modules/@types/react-native/modules/globals.d.ts(441,5): error TS2717: Subsequent property declarations must have the same type.  Property 'onerror' must be of type '(this: WebSocket, ev: Event) => any', but here has type '(event: WebSocketErrorEvent) => void'.
node_modules/@types/react-native/modules/globals.d.ts(442,5): error TS2717: Subsequent property declarations must have the same type.  Property 'onclose' must be of type '(this: WebSocket, ev: CloseEvent) => any', but here has type '(event: WebSocketCloseEvent) => void'.
node_modules/@types/react-native/modules/globals.d.ts(443,5): error TS2717: Subsequent property declarations must have the same type.  Property 'addEventListener' must be of type '{ <K extends keyof WebSocketEventMap>(type: K, listener: (this: WebSocket, ev: WebSocketEventMap[K]) => any, options?: boolean | AddEventListenerOptions): void; (type: string, listener: EventListenerOrEventListenerObject, options?: boolean | AddEventListenerOptions): void; }', but here has type 'WebsocketEventListener'.
node_modules/@types/react-native/modules/globals.d.ts(444,5): error TS2717: Subsequent property declarations must have the same type.  Property 'removeEventListener' must be of type '{ <K extends keyof WebSocketEventMap>(type: K, listener: (this: WebSocket, ev: WebSocketEventMap[K]) => any, options?: boolean | EventListenerOptions): void; (type: string, listener: EventListenerOrEventListenerObject, options?: boolean | EventListenerOptions): void; }', but here has type 'WebsocketEventListener'.
node_modules/@types/react-native/modules/globals.d.ts(447,13): error TS2403: Subsequent variable declarations must have the same type.  Variable 'WebSocket' must be of type '{ new (url: string | URL, protocols?: string | string[]): WebSocket; prototype: WebSocket; readonly CONNECTING: 0; readonly OPEN: 1; readonly CLOSING: 2; readonly CLOSED: 3; }', but here has type '{ new (uri: string, protocols?: string | string[], options?: { [optionName: string]: any; headers: { [headerName: string]: string; }; }): WebSocket; prototype: WebSocket; readonly CLOSED: number; readonly CLOSING: number; readonly CONNECTING: number; readonly OPEN: number; }'.
node_modules/@types/react-native/modules/globals.d.ts(471,15): error TS2300: Duplicate identifier 'AbortSignal'.
node_modules/@types/react-native/modules/globals.d.ts(471,15): error TS2420: Class 'AbortSignal' incorrectly implements interface 'EventTarget'.
  Property 'dispatchEvent' is missing in type 'AbortSignal' but required in type 'EventTarget'.
node_modules/@types/react-native/modules/globals.d.ts(506,15): error TS2300: Duplicate identifier 'AbortController'.
node_modules/@types/react-native/modules/globals.d.ts(531,14): error TS2717: Subsequent property declarations must have the same type.  Property 'error' must be of type 'DOMException', but here has type 'Error'.
node_modules/@types/react-native/modules/globals.d.ts(540,14): error TS2717: Subsequent property declarations must have the same type.  Property 'readyState' must be of type '0 | 2 | 1', but here has type 'number'.
node_modules/@types/react-native/modules/LaunchScreen.d.ts(4,18): error TS2451: Cannot redeclare block-scoped variable 'Header'.
node_modules/@types/react-native/modules/LaunchScreen.d.ts(5,18): error TS2451: Cannot redeclare block-scoped variable 'LearnMoreLinks'.
node_modules/@types/react-native/modules/LaunchScreen.d.ts(6,18): error TS2451: Cannot redeclare block-scoped variable 'Colors'.
node_modules/@types/react-native/modules/LaunchScreen.d.ts(7,18): error TS2451: Cannot redeclare block-scoped variable 'DebugInstructions'.
node_modules/@types/react-native/modules/LaunchScreen.d.ts(8,18): error TS2451: Cannot redeclare block-scoped variable 'ReloadInstructions'.
node_modules/@types/react/global.d.ts(155,11): error TS2300: Duplicate identifier 'FormData'.
node_modules/expo-modules-core/build/NativeViewManagerAdapter.d.ts(1,8): error TS1259: Module '"C:/Users/Tauheed/Desktop/final/client/node_modules/@types/react/index"' can only be default-imported using the 'esModuleInterop' flag
node_modules/expo-modules-core/build/Refs.d.ts(1,8): error TS1259: Module '"C:/Users/Tauheed/Desktop/final/client/node_modules/@types/react/index"' can only be default-imported using the 'esModuleInterop' flag
node_modules/expo-router/build/ExpoRoot.d.ts(1,8): error TS1259: Module '"C:/Users/Tauheed/Desktop/final/client/node_modules/@types/react/index"' can only be default-imported using the 'esModuleInterop' flag
node_modules/expo-router/build/layouts/TabsClient.d.ts(3,8): error TS1259: Module '"C:/Users/Tauheed/Desktop/final/client/node_modules/@types/react/index"' can only be default-imported using the 'esModuleInterop' flag
node_modules/expo-router/build/layouts/TabsClient.d.ts(18,210): error TS2344: Type 'unknown' does not satisfy the constraint 'boolean'.
node_modules/expo-router/build/layouts/TabsClient.d.ts(19,216): error TS2344: Type 'unknown' does not satisfy the constraint 'boolean'.
node_modules/expo-router/build/layouts/TabsClient.d.ts(20,212): error TS2344: Type 'unknown' does not satisfy the constraint 'boolean'.
node_modules/expo-router/build/layouts/TabsClient.d.ts(21,196): error TS2344: Type 'unknown' does not satisfy the constraint 'boolean'.
node_modules/expo-router/build/layouts/TabsClient.d.ts(22,194): error TS2344: Type 'unknown' does not satisfy the constraint 'boolean'.
node_modules/expo-router/build/layouts/TabsClient.d.ts(23,196): error TS2344: Type 'unknown' does not satisfy the constraint 'boolean'.
node_modules/expo-router/build/layouts/TabsClient.d.ts(30,210): error TS2344: Type 'unknown' does not satisfy the constraint 'boolean'.
node_modules/expo-router/build/layouts/TabsClient.d.ts(31,216): error TS2344: Type 'unknown' does not satisfy the constraint 'boolean'.
node_modules/expo-router/build/layouts/TabsClient.d.ts(32,212): error TS2344: Type 'unknown' does not satisfy the constraint 'boolean'.
node_modules/expo-router/build/layouts/TabsClient.d.ts(33,196): error TS2344: Type 'unknown' does not satisfy the constraint 'boolean'.
node_modules/expo-router/build/layouts/TabsClient.d.ts(34,194): error TS2344: Type 'unknown' does not satisfy the constraint 'boolean'.
node_modules/expo-router/build/layouts/TabsClient.d.ts(35,196): error TS2344: Type 'unknown' does not satisfy the constraint 'boolean'.
node_modules/expo-router/build/layouts/TabsClient.d.ts(78,210): error TS2344: Type 'unknown' does not satisfy the constraint 'boolean'.
node_modules/expo-router/build/layouts/TabsClient.d.ts(79,216): error TS2344: Type 'unknown' does not satisfy the constraint 'boolean'.
node_modules/expo-router/build/layouts/TabsClient.d.ts(80,212): error TS2344: Type 'unknown' does not satisfy the constraint 'boolean'.
node_modules/expo-router/build/layouts/TabsClient.d.ts(81,196): error TS2344: Type 'unknown' does not satisfy the constraint 'boolean'.
node_modules/expo-router/build/layouts/TabsClient.d.ts(82,194): error TS2344: Type 'unknown' does not satisfy the constraint 'boolean'.
node_modules/expo-router/build/layouts/TabsClient.d.ts(83,196): error TS2344: Type 'unknown' does not satisfy the constraint 'boolean'.
node_modules/expo-router/build/layouts/TabsClient.d.ts(90,210): error TS2344: Type 'unknown' does not satisfy the constraint 'boolean'.
node_modules/expo-router/build/layouts/TabsClient.d.ts(91,216): error TS2344: Type 'unknown' does not satisfy the constraint 'boolean'.
node_modules/expo-router/build/layouts/TabsClient.d.ts(92,212): error TS2344: Type 'unknown' does not satisfy the constraint 'boolean'.
node_modules/expo-router/build/layouts/TabsClient.d.ts(93,196): error TS2344: Type 'unknown' does not satisfy the constraint 'boolean'.
node_modules/expo-router/build/layouts/TabsClient.d.ts(94,194): error TS2344: Type 'unknown' does not satisfy the constraint 'boolean'.
node_modules/expo-router/build/layouts/TabsClient.d.ts(95,196): error TS2344: Type 'unknown' does not satisfy the constraint 'boolean'.
node_modules/expo-router/build/layouts/withLayoutContext.d.ts(2,8): error TS1259: Module '"C:/Users/Tauheed/Desktop/final/client/node_modules/@types/react/index"' can only be default-imported using the 'esModuleInterop' flag
node_modules/expo-router/build/Route.d.ts(1,8): error TS1259: Module '"C:/Users/Tauheed/Desktop/final/client/node_modules/@types/react/index"' can only be default-imported using the 'esModuleInterop' flag
node_modules/expo-router/build/useScreens.d.ts(2,8): error TS1259: Module '"C:/Users/Tauheed/Desktop/final/client/node_modules/@types/react/index"' can only be default-imported using the 'esModuleInterop' flag
node_modules/expo-router/build/views/Try.d.ts(1,8): error TS1259: Module '"C:/Users/Tauheed/Desktop/final/client/node_modules/@types/react/index"' can only be default-imported using the 'esModuleInterop' flag
node_modules/expo-router/build/views/Unmatched.d.ts(1,8): error TS1259: Module '"C:/Users/Tauheed/Desktop/final/client/node_modules/@types/react/index"' can only be default-imported using the 'esModuleInterop' flag
node_modules/react-native-screens/lib/typescript/components/FullWindowOverlay.d.ts(1,8): error TS1259: Module '"C:/Users/Tauheed/Desktop/final/client/node_modules/@types/react/index"' can only be default-imported using the 'esModuleInterop' flag
node_modules/react-native-screens/lib/typescript/components/Screen.d.ts(1,8): error TS1259: Module '"C:/Users/Tauheed/Desktop/final/client/node_modules/@types/react/index"' can only be default-imported using the 'esModuleInterop' flag
node_modules/react-native-screens/lib/typescript/components/ScreenContainer.d.ts(1,8): error TS1259: Module '"C:/Users/Tauheed/Desktop/final/client/node_modules/@types/react/index"' can only be default-imported using the 'esModuleInterop' flag
node_modules/react-native-screens/lib/typescript/components/ScreenContentWrapper.d.ts(1,8): error TS1259: Module '"C:/Users/Tauheed/Desktop/final/client/node_modules/@types/react/index"' can only be default-imported using the 'esModuleInterop' flag
node_modules/react-native-screens/lib/typescript/components/ScreenFooter.d.ts(1,8): error TS1259: Module '"C:/Users/Tauheed/Desktop/final/client/node_modules/@types/react/index"' can only be default-imported using the 'esModuleInterop' flag
node_modules/react-native-screens/lib/typescript/components/ScreenStack.d.ts(1,8): error TS1259: Module '"C:/Users/Tauheed/Desktop/final/client/node_modules/@types/react/index"' can only be default-imported using the 'esModuleInterop' flag
node_modules/react-native-screens/lib/typescript/components/ScreenStackHeaderConfig.d.ts(1,8): error TS1259: Module '"C:/Users/Tauheed/Desktop/final/client/node_modules/@types/react/index"' can only be default-imported using the 'esModuleInterop' flag
node_modules/react-native-screens/lib/typescript/components/SearchBar.d.ts(1,8): error TS1259: Module '"C:/Users/Tauheed/Desktop/final/client/node_modules/@types/react/index"' can only be default-imported using the 'esModuleInterop' flag
node_modules/react-native-screens/lib/typescript/native-stack/types.d.ts(72,155): error TS2344: Type 'StackNavigationState<ParamList>' does not satisfy the constraint 'string'.
node_modules/react-native-screens/lib/typescript/native-stack/types.d.ts(530,41): error TS2314: Generic type 'DefaultNavigatorOptions' requires 6 type argument(s).
node_modules/react-native-screens/lib/typescript/native-stack/types.d.ts(534,37): error TS2314: Generic type 'Descriptor' requires 3 type argument(s).
node_modules/react-native-screens/lib/typescript/types.d.ts(1,8): error TS1259: Module '"C:/Users/Tauheed/Desktop/final/client/node_modules/@types/react/index"' can only be default-imported using the 'esModuleInterop' flag
node_modules/react-native/types/index.d.ts(202,9): error TS2451: Cannot redeclare block-scoped variable 'originalXMLHttpRequest'.
node_modules/react-native/types/index.d.ts(204,9): error TS2451: Cannot redeclare block-scoped variable '__BUNDLE_START_TIME__'.
node_modules/react-native/types/index.d.ts(205,9): error TS2451: Cannot redeclare block-scoped variable 'ErrorUtils'.
node_modules/react-native/types/index.d.ts(212,9): error TS2451: Cannot redeclare block-scoped variable '__DEV__'.
node_modules/react-native/types/index.d.ts(214,9): error TS2451: Cannot redeclare block-scoped variable 'HermesInternal'.
node_modules/react-native/types/modules/BatchedBridge.d.ts(17,15): error TS2300: Duplicate identifier 'MessageQueue'.
node_modules/react-native/types/modules/BatchedBridge.d.ts(27,18): error TS2300: Duplicate identifier 'BatchedBridge'.
node_modules/react-native/types/modules/BatchedBridge.d.ts(31,18): error TS2300: Duplicate identifier 'MessageQueue'.
node_modules/react-native/types/modules/Codegen.d.ts(10,1): error TS6200: Definitions of the following identifiers conflict with those in another file: codegenNativeCommands, NativeComponentType, codegenNativeComponent, BubblingEventHandler, DirectEventHandler, Double, Float, Int32, UnsafeObject, DefaultTypes, WithDefault
node_modules/react-native/types/modules/Devtools.d.ts(11,15): error TS2300: Duplicate identifier 'StackFrame'.
node_modules/react-native/types/modules/globals.d.ts(19,1): error TS6200: Definitions of the following identifiers conflict with those in another file: FormDataValue, FormDataPart, BodyInit_, HeadersInit_, RequestCredentials_, RequestMode_, ResponseType_, WebsocketMessageEventListener, WebsocketErrorEventListener, WebsocketOpenEventListener, WebsocketCloseEventListener, WebsocketEventListener
node_modules/react-native/types/modules/globals.d.ts(78,13): error TS2403: Subsequent variable declarations must have the same type.  Variable 'Blob' must be of type '{ new (blobParts?: BlobPart[], options?: BlobPropertyBag): Blob; prototype: Blob; }', but here has type '{ new (blobParts?: (string | Blob)[], options?: BlobOptions): Blob; prototype: Blob; }'.
node_modules/react-native/types/modules/globals.d.ts(84,3): error TS2687: All declarations of 'name' must have identical modifiers.
node_modules/react-native/types/modules/globals.d.ts(85,3): error TS2687: All declarations of 'lastModified' must have identical modifiers.
node_modules/react-native/types/modules/globals.d.ts(88,13): error TS2403: Subsequent variable declarations must have the same type.  Variable 'File' must be of type '{ new (fileBits: BlobPart[], fileName: string, options?: FilePropertyBag): File; prototype: File; }', but here has type '{ new (fileParts?: (string | Blob)[], name?: string, options?: BlobOptions): File; prototype: File; }'.
node_modules/react-native/types/modules/globals.d.ts(113,15): error TS2300: Duplicate identifier 'FormData'.
node_modules/react-native/types/modules/globals.d.ts(141,13): error TS2403: Subsequent variable declarations must have the same type.  Variable 'Headers' must be of type '{ new (init?: HeadersInit): Headers; prototype: Headers; }', but here has type '{ new (init?: HeadersInit_): Headers; prototype: Headers; }'.
node_modules/react-native/types/modules/globals.d.ts(153,3): error TS2374: Duplicate index signature for type 'string'.
node_modules/react-native/types/modules/globals.d.ts(175,3): error TS2717: Subsequent property declarations must have the same type.  Property 'body' must be of type 'BodyInit', but here has type 'BodyInit_'.
node_modules/react-native/types/modules/globals.d.ts(177,3): error TS2717: Subsequent property declarations must have the same type.  Property 'headers' must be of type 'HeadersInit', but here has type 'HeadersInit_'.
node_modules/react-native/types/modules/globals.d.ts(183,3): error TS2717: Subsequent property declarations must have the same type.  Property 'window' must be of type 'null', but here has type 'any'.
node_modules/react-native/types/modules/globals.d.ts(198,13): error TS2403: Subsequent variable declarations must have the same type.  Variable 'Request' must be of type '{ new (input: RequestInfo | URL, init?: RequestInit): Request; prototype: Request; }', but here has type '{ new (input: string | Request, init?: RequestInit): Request; prototype: Request; }'.
node_modules/react-native/types/modules/globals.d.ts(203,14): error TS2300: Duplicate identifier 'RequestInfo'.
node_modules/react-native/types/modules/globals.d.ts(206,3): error TS2717: Subsequent property declarations must have the same type.  Property 'headers' must be of type 'HeadersInit', but here has type 'HeadersInit_'.
node_modules/react-native/types/modules/globals.d.ts(222,13): error TS2403: Subsequent variable declarations must have the same type.  Variable 'Response' must be of type '{ new (body?: BodyInit, init?: ResponseInit): Response; prototype: Response; error(): Response; json(data: any, init?: ResponseInit): Response; redirect(url: string | URL, status?: number): Response; }', but here has type '{ new (body?: BodyInit_, init?: ResponseInit): Response; prototype: Response; error: () => Response; redirect: (url: string, status?: number) => Response; }'.
node_modules/react-native/types/modules/globals.d.ts(312,3): error TS2717: Subsequent property declarations must have the same type.  Property 'abort' must be of type 'ProgressEvent<XMLHttpRequestEventTarget>', but here has type 'ProgressEvent<EventTarget>'.
node_modules/react-native/types/modules/globals.d.ts(313,3): error TS2717: Subsequent property declarations must have the same type.  Property 'error' must be of type 'ProgressEvent<XMLHttpRequestEventTarget>', but here has type 'ProgressEvent<EventTarget>'.
node_modules/react-native/types/modules/globals.d.ts(314,3): error TS2717: Subsequent property declarations must have the same type.  Property 'load' must be of type 'ProgressEvent<XMLHttpRequestEventTarget>', but here has type 'ProgressEvent<EventTarget>'.
node_modules/react-native/types/modules/globals.d.ts(315,3): error TS2717: Subsequent property declarations must have the same type.  Property 'loadend' must be of type 'ProgressEvent<XMLHttpRequestEventTarget>', but here has type 'ProgressEvent<EventTarget>'.
node_modules/react-native/types/modules/globals.d.ts(316,3): error TS2717: Subsequent property declarations must have the same type.  Property 'loadstart' must be of type 'ProgressEvent<XMLHttpRequestEventTarget>', but here has type 'ProgressEvent<EventTarget>'.
node_modules/react-native/types/modules/globals.d.ts(317,3): error TS2717: Subsequent property declarations must have the same type.  Property 'progress' must be of type 'ProgressEvent<XMLHttpRequestEventTarget>', but here has type 'ProgressEvent<EventTarget>'.
node_modules/react-native/types/modules/globals.d.ts(318,3): error TS2717: Subsequent property declarations must have the same type.  Property 'timeout' must be of type 'ProgressEvent<XMLHttpRequestEventTarget>', but here has type 'ProgressEvent<EventTarget>'.
node_modules/react-native/types/modules/globals.d.ts(371,14): error TS2300: Duplicate identifier 'XMLHttpRequestResponseType'.
node_modules/react-native/types/modules/globals.d.ts(384,15): error TS2300: Duplicate identifier 'URL'.
node_modules/react-native/types/modules/globals.d.ts(409,15): error TS2300: Duplicate identifier 'URLSearchParams'.
node_modules/react-native/types/modules/globals.d.ts(468,3): error TS2717: Subsequent property declarations must have the same type.  Property 'onopen' must be of type '(this: WebSocket, ev: Event) => any', but here has type '() => void'.
node_modules/react-native/types/modules/globals.d.ts(469,3): error TS2717: Subsequent property declarations must have the same type.  Property 'onmessage' must be of type '(this: WebSocket, ev: MessageEvent<any>) => any', but here has type '(event: WebSocketMessageEvent) => void'.
node_modules/react-native/types/modules/globals.d.ts(470,3): error TS2717: Subsequent property declarations must have the same type.  Property 'onerror' must be of type '(this: WebSocket, ev: Event) => any', but here has type '(event: WebSocketErrorEvent) => void'.
node_modules/react-native/types/modules/globals.d.ts(471,3): error TS2717: Subsequent property declarations must have the same type.  Property 'onclose' must be of type '(this: WebSocket, ev: CloseEvent) => any', but here has type '(event: WebSocketCloseEvent) => void'.
node_modules/react-native/types/modules/globals.d.ts(472,3): error TS2717: Subsequent property declarations must have the same type.  Property 'addEventListener' must be of type '{ <K extends keyof WebSocketEventMap>(type: K, listener: (this: WebSocket, ev: WebSocketEventMap[K]) => any, options?: boolean | AddEventListenerOptions): void; (type: string, listener: EventListenerOrEventListenerObject, options?: boolean | AddEventListenerOptions): void; }', but here has type 'WebsocketEventListener'.
node_modules/react-native/types/modules/globals.d.ts(473,3): error TS2717: Subsequent property declarations must have the same type.  Property 'removeEventListener' must be of type '{ <K extends keyof WebSocketEventMap>(type: K, listener: (this: WebSocket, ev: WebSocketEventMap[K]) => any, options?: boolean | EventListenerOptions): void; (type: string, listener: EventListenerOrEventListenerObject, options?: boolean | EventListenerOptions): void; }', but here has type 'WebsocketEventListener'.
node_modules/react-native/types/modules/globals.d.ts(476,13): error TS2403: Subsequent variable declarations must have the same type.  Variable 'WebSocket' must be of type '{ new (url: string | URL, protocols?: string | string[]): WebSocket; prototype: WebSocket; readonly CONNECTING: 0; readonly OPEN: 1; readonly CLOSING: 2; readonly CLOSED: 3; }', but here has type '{ new (uri: string, protocols?: string | string[], options?: { [optionName: string]: any; headers: { [headerName: string]: string; }; }): WebSocket; prototype: WebSocket; readonly CLOSED: number; readonly CLOSING: number; readonly CONNECTING: number; readonly OPEN: number; }'.
node_modules/react-native/types/modules/globals.d.ts(500,15): error TS2300: Duplicate identifier 'AbortSignal'.
node_modules/react-native/types/modules/globals.d.ts(500,15): error TS2420: Class 'AbortSignal' incorrectly implements interface 'EventTarget'.
  Property 'dispatchEvent' is missing in type 'AbortSignal' but required in type 'EventTarget'.
node_modules/react-native/types/modules/globals.d.ts(535,15): error TS2300: Duplicate identifier 'AbortController'.
node_modules/react-native/types/modules/globals.d.ts(560,12): error TS2717: Subsequent property declarations must have the same type.  Property 'error' must be of type 'DOMException', but here has type 'Error'.
node_modules/react-native/types/modules/globals.d.ts(569,12): error TS2717: Subsequent property declarations must have the same type.  Property 'readyState' must be of type '0 | 2 | 1', but here has type 'number'.
node_modules/react-native/types/modules/LaunchScreen.d.ts(13,16): error TS2451: Cannot redeclare block-scoped variable 'Header'.
node_modules/react-native/types/modules/LaunchScreen.d.ts(14,16): error TS2451: Cannot redeclare block-scoped variable 'LearnMoreLinks'.
node_modules/react-native/types/modules/LaunchScreen.d.ts(15,16): error TS2451: Cannot redeclare block-scoped variable 'Colors'.
node_modules/react-native/types/modules/LaunchScreen.d.ts(16,16): error TS2451: Cannot redeclare block-scoped variable 'DebugInstructions'.
node_modules/react-native/types/modules/LaunchScreen.d.ts(17,16): error TS2451: Cannot redeclare block-scoped variable 'ReloadInstructions'.
node_modules/typescript/lib/lib.dom.d.ts(2289,11): error TS2300: Duplicate identifier 'AbortController'.
node_modules/typescript/lib/lib.dom.d.ts(2304,13): error TS2300: Duplicate identifier 'AbortController'.
node_modules/typescript/lib/lib.dom.d.ts(2318,11): error TS2300: Duplicate identifier 'AbortSignal'.
node_modules/typescript/lib/lib.dom.d.ts(2337,13): error TS2300: Duplicate identifier 'AbortSignal'.
node_modules/typescript/lib/lib.dom.d.ts(8264,14): error TS2687: All declarations of 'lastModified' must have identical modifiers.
node_modules/typescript/lib/lib.dom.d.ts(8266,14): error TS2687: All declarations of 'name' must have identical modifiers.
node_modules/typescript/lib/lib.dom.d.ts(8610,11): error TS2300: Duplicate identifier 'FormData'.
node_modules/typescript/lib/lib.dom.d.ts(8630,13): error TS2300: Duplicate identifier 'FormData'.
node_modules/typescript/lib/lib.dom.d.ts(22532,11): error TS2300: Duplicate identifier 'URL'.
node_modules/typescript/lib/lib.dom.d.ts(22562,13): error TS2300: Duplicate identifier 'URL'.
node_modules/typescript/lib/lib.dom.d.ts(22577,11): error TS2300: Duplicate identifier 'URLSearchParams'.
node_modules/typescript/lib/lib.dom.d.ts(22623,13): error TS2300: Duplicate identifier 'URLSearchParams'.
node_modules/typescript/lib/lib.dom.d.ts(28021,6): error TS2300: Duplicate identifier 'RequestInfo'.
node_modules/typescript/lib/lib.dom.d.ts(28208,6): error TS2300: Duplicate identifier 'XMLHttpRequestResponseType'.
node_modules/typescript/lib/lib.dom.iterable.d.ts(115,11): error TS2300: Duplicate identifier 'FormData'.
node_modules/typescript/lib/lib.dom.iterable.d.ts(330,11): error TS2300: Duplicate identifier 'URLSearchParams'.
src/_components/MessageBubble.tsx(2,8): error TS1259: Module '"C:/Users/Tauheed/Desktop/final/client/node_modules/@types/react/index"' can only be default-imported using the 'esModuleInterop' flag
src/_components/MessageBubble.tsx(78,5): error TS17004: Cannot use JSX unless the '--jsx' flag is provided.
src/_components/MessageBubble.tsx(80,9): error TS17004: Cannot use JSX unless the '--jsx' flag is provided.
src/_components/MessageBubble.tsx(86,7): error TS17004: Cannot use JSX unless the '--jsx' flag is provided.
src/_components/MessageBubble.tsx(88,11): error TS17004: Cannot use JSX unless the '--jsx' flag is provided.
src/_components/MessageBubble.tsx(89,13): error TS17004: Cannot use JSX unless the '--jsx' flag is provided.
src/_components/MessageBubble.tsx(90,13): error TS17004: Cannot use JSX unless the '--jsx' flag is provided.
src/_components/MessageBubble.tsx(94,9): error TS17004: Cannot use JSX unless the '--jsx' flag is provided.
src/_components/MessageBubble.tsx(100,13): error TS17004: Cannot use JSX unless the '--jsx' flag is provided.
src/_components/MessageBubble.tsx(104,13): error TS17004: Cannot use JSX unless the '--jsx' flag is provided.
src/_components/MessageBubble.tsx(105,15): error TS17004: Cannot use JSX unless the '--jsx' flag is provided.
src/_components/MessageBubble.tsx(110,13): error TS17004: Cannot use JSX unless the '--jsx' flag is provided.
src/_components/MessageBubble.tsx(111,15): error TS17004: Cannot use JSX unless the '--jsx' flag is provided.
src/_components/MessageBubble.tsx(112,15): error TS17004: Cannot use JSX unless the '--jsx' flag is provided.
src/_components/MessageBubble.tsx(113,15): error TS17004: Cannot use JSX unless the '--jsx' flag is provided.
src/_components/MessageBubble.tsx(118,13): error TS17004: Cannot use JSX unless the '--jsx' flag is provided.
src/_components/MessageBubble.tsx(119,15): error TS17004: Cannot use JSX unless the '--jsx' flag is provided.
src/_components/MessageBubble.tsx(120,17): error TS17004: Cannot use JSX unless the '--jsx' flag is provided.
src/_components/MessageBubble.tsx(121,17): error TS17004: Cannot use JSX unless the '--jsx' flag is provided.
src/_components/MessageBubble.tsx(124,17): error TS17004: Cannot use JSX unless the '--jsx' flag is provided.
src/_components/MessageBubble.tsx(126,15): error TS17004: Cannot use JSX unless the '--jsx' flag is provided.
src/_components/MessageBubble.tsx(130,22): error TS17004: Cannot use JSX unless the '--jsx' flag is provided.
src/_components/MessageBubble.tsx(132,11): error TS17004: Cannot use JSX unless the '--jsx' flag is provided.
src/_components/MessageBubble.tsx(133,13): error TS17004: Cannot use JSX unless the '--jsx' flag is provided.
src/_components/MessageBubble.tsx(137,15): error TS17004: Cannot use JSX unless the '--jsx' flag is provided.
src/_components/MessageBubble.tsx(138,25): error TS17004: Cannot use JSX unless the '--jsx' flag is provided.
src/_components/MessageBubble.tsx(138,82): error TS17004: Cannot use JSX unless the '--jsx' flag is provided.
src/_components/MessageBubble.tsx(138,139): error TS17004: Cannot use JSX unless the '--jsx' flag is provided.
src/_components/MessageBubble.tsx(138,182): error TS17004: Cannot use JSX unless the '--jsx' flag is provided.
